[INFO] Scanning for projects...
[INFO] 
[INFO] -----------------------< com.syntia:syntia-mvp >------------------------
[INFO] Building SyntiaMVP 0.0.1-SNAPSHOT
[INFO]   from pom.xml
[INFO] --------------------------------[ jar ]---------------------------------
[INFO] 
[INFO] --- resources:3.3.1:resources (default-resources) @ syntia-mvp ---
[INFO] Copying 2 resources from src\main\resources to target\classes
[INFO] Copying 51 resources from src\main\resources to target\classes
[INFO] 
[INFO] --- compiler:3.14.1:compile (default-compile) @ syntia-mvp ---
[INFO] Nothing to compile - all classes are up to date.
[INFO] 
[INFO] --- resources:3.3.1:testResources (default-testResources) @ syntia-mvp ---
[INFO] skip non existing resourceDirectory C:\Users\Diego\Syntia\src\test\resources
[INFO] 
[INFO] --- compiler:3.14.1:testCompile (default-testCompile) @ syntia-mvp ---
[INFO] Nothing to compile - all classes are up to date.
[INFO] 
[INFO] --- surefire:3.5.4:test (default-test) @ syntia-mvp ---
[INFO] Using auto detected provider org.apache.maven.surefire.junitplatform.JUnitPlatformProvider
[INFO] 
[INFO] -------------------------------------------------------
[INFO]  T E S T S
[INFO] -------------------------------------------------------
[INFO] Running com.syntia.mvp.SyntiaMvpApplicationTests
11:03:33.875 [main] INFO org.springframework.test.context.support.AnnotationConfigContextLoaderUtils -- Could not detect default configuration classes for test class [com.syntia.mvp.SyntiaMvpApplicationTests]: SyntiaMvpApplicationTests does not declare any static, non-private, non-final, nested classes annotated with @Configuration.
11:03:34.015 [main] INFO org.springframework.boot.test.context.SpringBootTestContextBootstrapper -- Found @SpringBootConfiguration com.syntia.mvp.SyntiaMvpApplication for test class com.syntia.mvp.SyntiaMvpApplicationTests
11:03:34.258 [main] INFO org.springframework.boot.devtools.restart.RestartApplicationListener -- Restart disabled due to context in which it is running

  .   ____          _            __ _ _
 /\\ / ___'_ __ _ _(_)_ __  __ _ \ \ \ \
( ( )\___ | '_ | '_| | '_ \/ _` | \ \ \ \
 \\/  ___)| |_)| | | | | || (_| |  ) ) ) )
  '  |____| .__|_| |_|_| |_\__, | / / / /
 =========|_|==============|___/=/_/_/_/

 :: Spring Boot ::               (v3.5.11)

2026-03-11T11:03:34.609+01:00  INFO 18736 --- [SyntiaMVP] [           main] c.syntia.mvp.SyntiaMvpApplicationTests   : Starting SyntiaMvpApplicationTests using Java 23 with PID 18736 (started by Diego in C:\Users\Diego\Syntia)
2026-03-11T11:03:34.609+01:00 DEBUG 18736 --- [SyntiaMVP] [           main] c.syntia.mvp.SyntiaMvpApplicationTests   : Running with Spring Boot v3.5.11, Spring v6.2.16
2026-03-11T11:03:34.610+01:00  INFO 18736 --- [SyntiaMVP] [           main] c.syntia.mvp.SyntiaMvpApplicationTests   : No active profile set, falling back to 1 default profile: "default"
2026-03-11T11:03:35.664+01:00  INFO 18736 --- [SyntiaMVP] [           main] .s.d.r.c.RepositoryConfigurationDelegate : Bootstrapping Spring Data JPA repositories in DEFAULT mode.
2026-03-11T11:03:35.738+01:00  INFO 18736 --- [SyntiaMVP] [           main] .s.d.r.c.RepositoryConfigurationDelegate : Finished Spring Data repository scanning in 60 ms. Found 5 JPA repository interfaces.
2026-03-11T11:03:36.594+01:00  INFO 18736 --- [SyntiaMVP] [           main] o.hibernate.jpa.internal.util.LogHelper  : HHH000204: Processing PersistenceUnitInfo [name: default]
2026-03-11T11:03:36.681+01:00  INFO 18736 --- [SyntiaMVP] [           main] org.hibernate.Version                    : HHH000412: Hibernate ORM core version 6.6.42.Final
2026-03-11T11:03:36.716+01:00  INFO 18736 --- [SyntiaMVP] [           main] o.h.c.internal.RegionFactoryInitiator    : HHH000026: Second-level cache disabled
2026-03-11T11:03:37.161+01:00  INFO 18736 --- [SyntiaMVP] [           main] o.s.o.j.p.SpringPersistenceUnitInfo      : No LoadTimeWeaver setup: ignoring JPA class transformer
2026-03-11T11:03:37.185+01:00  INFO 18736 --- [SyntiaMVP] [           main] com.zaxxer.hikari.HikariDataSource       : HikariPool-1 - Starting...
2026-03-11T11:03:37.366+01:00  INFO 18736 --- [SyntiaMVP] [           main] com.zaxxer.hikari.pool.HikariPool        : HikariPool-1 - Added connection org.postgresql.jdbc.PgConnection@6480a063
2026-03-11T11:03:37.368+01:00  INFO 18736 --- [SyntiaMVP] [           main] com.zaxxer.hikari.HikariDataSource       : HikariPool-1 - Start completed.
2026-03-11T11:03:37.431+01:00  INFO 18736 --- [SyntiaMVP] [           main] org.hibernate.orm.connections.pooling    : HHH10001005: Database info:
	Database JDBC URL [Connecting through datasource 'HikariDataSource (HikariPool-1)']
	Database driver: undefined/unknown
	Database version: 18.3
	Autocommit mode: undefined/unknown
	Isolation level: undefined/unknown
	Minimum pool size: undefined/unknown
	Maximum pool size: undefined/unknown
2026-03-11T11:03:38.508+01:00  INFO 18736 --- [SyntiaMVP] [           main] o.h.e.t.j.p.i.JtaPlatformInitiator       : HHH000489: No JTA platform available (set 'hibernate.transaction.jta.platform' to enable JTA platform integration)
2026-03-11T11:03:38.633+01:00  INFO 18736 --- [SyntiaMVP] [           main] j.LocalContainerEntityManagerFactoryBean : Initialized JPA EntityManagerFactory for persistence unit 'default'
2026-03-11T11:03:38.975+01:00  INFO 18736 --- [SyntiaMVP] [           main] o.s.d.j.r.query.QueryEnhancerFactory     : Hibernate is in classpath; If applicable, HQL parser will be used.
2026-03-11T11:03:40.185+01:00  INFO 18736 --- [SyntiaMVP] [           main] eAuthenticationProviderManagerConfigurer : Global AuthenticationManager configured with AuthenticationProvider bean with name authenticationProvider
2026-03-11T11:03:40.186+01:00  WARN 18736 --- [SyntiaMVP] [           main] r$InitializeUserDetailsManagerConfigurer : Global AuthenticationManager configured with an AuthenticationProvider bean. UserDetailsService beans will not be used by Spring Security for automatically configuring username/password login. Consider removing the AuthenticationProvider bean. Alternatively, consider using the UserDetailsService in a manually instantiated DaoAuthenticationProvider. If the current configuration is intentional, to turn off this warning, increase the logging level of 'org.springframework.security.config.annotation.authentication.configuration.InitializeUserDetailsBeanManagerConfigurer' to ERROR
2026-03-11T11:03:40.450+01:00  INFO 18736 --- [SyntiaMVP] [           main] com.syntia.mvp.service.OpenAiClient      : OpenAI configurado: model=gpt-4.1, key=sk-proj-kp...
2026-03-11T11:03:40.969+01:00 DEBUG 18736 --- [SyntiaMVP] [           main] o.s.s.web.DefaultSecurityFilterChain     : Will secure Or [Mvc [pattern='/api/**']] with filters: DisableEncodeUrlFilter, WebAsyncManagerIntegrationFilter, SecurityContextHolderFilter, HeaderWriterFilter, CorsFilter, LogoutFilter, JwtAuthenticationFilter, RequestCacheAwareFilter, SecurityContextHolderAwareRequestFilter, AnonymousAuthenticationFilter, SessionManagementFilter, ExceptionTranslationFilter, AuthorizationFilter
2026-03-11T11:03:41.002+01:00 DEBUG 18736 --- [SyntiaMVP] [           main] o.s.s.web.DefaultSecurityFilterChain     : Will secure any request with filters: DisableEncodeUrlFilter, WebAsyncManagerIntegrationFilter, SecurityContextHolderFilter, HeaderWriterFilter, CorsFilter, LogoutFilter, UsernamePasswordAuthenticationFilter, RequestCacheAwareFilter, SecurityContextHolderAwareRequestFilter, AnonymousAuthenticationFilter, ExceptionTranslationFilter, AuthorizationFilter
2026-03-11T11:03:41.496+01:00  INFO 18736 --- [SyntiaMVP] [           main] c.syntia.mvp.SyntiaMvpApplicationTests   : Started SyntiaMvpApplicationTests in 7.25 seconds (process running for 8.481)
Hibernate: 
    select
        c1_0.id,
        c1_0.fecha_cierre,
        c1_0.fuente,
        c1_0.id_bdns,
        c1_0.numero_convocatoria,
        c1_0.sector,
        c1_0.tipo,
        c1_0.titulo,
        c1_0.ubicacion,
        c1_0.url_oficial 
    from
        convocatorias c1_0
Hibernate: 
    select
        c1_0.id,
        c1_0.fecha_cierre,
        c1_0.fuente,
        c1_0.id_bdns,
        c1_0.numero_convocatoria,
        c1_0.sector,
        c1_0.tipo,
        c1_0.titulo,
        c1_0.ubicacion,
        c1_0.url_oficial 
    from
        convocatorias c1_0
2026-03-11T11:03:41.685+01:00  INFO 18736 --- [SyntiaMVP] [           main] c.s.mvp.config.ConvocatoriaInitializer   : Ya existen 197 convocatorias en BD ? no se importan nuevas al arrancar.
.\mvnw.cmd : Mockito is currently self-attaching to enable the inline-mock-maker. This will no longer work in future releases of the JDK. Please add Mockito 
as an agent to your build as described in Mockito's documentation: 
https://javadoc.io/doc/org.mockito/mockito-core/latest/org.mockito/org/mockito/Mockito.html#0.3
En línea: 1 Carácter: 27
+ ... ego\Syntia; .\mvnw.cmd test 2>&1 > C:\Users\Diego\Syntia\test-output. ...
+                 ~~~~~~~~~~~~~~~~~~~~~~~~~~~~~~~~~~~~~~~~~~~~~~~~~~~~~~~~~
    + CategoryInfo          : NotSpecified: (Mockito is curr...ockito.html#0.3:String) [], RemoteException
    + FullyQualifiedErrorId : NativeCommandError
 
WARNING: A Java agent has been loaded dynamically (C:\Users\Diego\.m2\repository\net\bytebuddy\byte-buddy-agent\1.17.8\byte-buddy-agent-1.17.8.jar)
WARNING: If a serviceability tool is in use, please run with -XX:+EnableDynamicAgentLoading to hide this warning
WARNING: If a serviceability tool is not in use, please run with -Djdk.instrument.traceUsage for more information
WARNING: Dynamic loading of agents will be disallowed by default in a future release
Java HotSpot(TM) 64-Bit Server VM warning: Sharing is only supported for boot loader classes because bootstrap classpath has been appended
[INFO] Tests run: 1, Failures: 0, Errors: 0, Skipped: 0, Time elapsed: 8.349 s -- in com.syntia.mvp.SyntiaMvpApplicationTests
[INFO] 
[INFO] Results:
[INFO] 
[INFO] Tests run: 1, Failures: 0, Errors: 0, Skipped: 0
[INFO] 
[INFO] ------------------------------------------------------------------------
[INFO] BUILD SUCCESS
[INFO] ------------------------------------------------------------------------
[INFO] Total time:  11.362 s
[INFO] Finished at: 2026-03-11T11:03:42+01:00
[INFO] ------------------------------------------------------------------------
